[WebServer] (node:10976) [MODULE_TYPELESS_PACKAGE_JSON] Warning: Module type of file:///E:/Learnings/Learning%20Stuffs/University/HK6/Do_an_1/Main/Project/alsp-ai-harness/projects/ats-platform/apps/web/e2e/support/local-target.ts is not specified and it doesn't parse as CommonJS.
[WebServer] Reparsing as ES module because module syntax was detected. This incurs a performance overhead.
[WebServer] To eliminate this warning, add "type": "module" to E:\Learnings\Learning Stuffs\University\HK6\Do_an_1\Main\Project\alsp-ai-harness\projects\ats-platform\package.json.
[WebServer] (Use `node --trace-warnings ...` to show where the warning was created)
[WebServer] (node:10976) Warning: The 'NO_COLOR' env is ignored due to the 'FORCE_COLOR' env being set.
[WebServer] (node:31588) Warning: The 'NO_COLOR' env is ignored due to the 'FORCE_COLOR' env being set.
[WebServer] (Use `node --trace-warnings ...` to show where the warning was created)
[WebServer] (node:27576) Warning: The 'NO_COLOR' env is ignored due to the 'FORCE_COLOR' env being set.
[WebServer] (Use `node --trace-warnings ...` to show where the warning was created)

Running 8 tests using 1 worker

(node:18592) Warning: The 'NO_COLOR' env is ignored due to the 'FORCE_COLOR' env being set.
(Use `node --trace-warnings ...` to show where the warning was created)
  ok 1 [chromium] › apps\web\e2e\gd1-org-admin.e2e.ts:43:5 › A2: guest không truy cập trực tiếp recruiter-management hoặc my-profile (2.4s)
  x  2 [chromium] › apps\web\e2e\gd1-org-admin.e2e.ts:96:7 › GĐ1 tuần cuối — portal org_admin với hai tổ chức thật › A3/A7: admin tạo org_admin có Organization và đọc nhãn tổ chức từ database (21.5s)
  -  3 [chromium] › apps\web\e2e\gd1-org-admin.e2e.ts:134:7 › GĐ1 tuần cuối — portal org_admin với hai tổ chức thật › A1/A2: org_admin login, menu, private routes và refresh giữ phạm vi tổ chức
  -  4 [chromium] › apps\web\e2e\gd1-org-admin.e2e.ts:181:7 › GĐ1 tuần cuối — portal org_admin với hai tổ chức thật › A4: org_admin không có Recruiter tạo account + profile cùng department qua UI
  -  5 [chromium] › apps\web\e2e\gd1-org-admin.e2e.ts:212:7 › GĐ1 tuần cuối — portal org_admin với hai tổ chức thật › A5: org_admin chọn recruiter owner để tạo job thủ công và reload dữ liệu đã lưu
  -  6 [chromium] › apps\web\e2e\gd1-org-admin.e2e.ts:241:7 › GĐ1 tuần cuối — portal org_admin với hai tổ chức thật › A6: org_admin xem hồ sơ User/Organization và đặt interview với recruiter trong tổ chức
  -  7 [chromium] › apps\web\e2e\gd1-org-admin.e2e.ts:270:7 › GĐ1 tuần cuối — portal org_admin với hai tổ chức thật › A7/A9: đổi default A không đổi B; đoán UUID B không đọc/ghi được dữ liệu tenant
  -  8 [chromium] › apps\web\e2e\gd1-org-admin.e2e.ts:326:7 › GĐ1 tuần cuối — portal org_admin với hai tổ chức thật › A3/A8: admin đổi organization qua UI, HTTP dùng binding mới và refresh cũ bị thu hồi


  1) [chromium] › apps\web\e2e\gd1-org-admin.e2e.ts:96:7 › GĐ1 tuần cuối — portal org_admin với hai tổ chức thật › A3/A7: admin tạo org_admin có Organization và đọc nhãn tổ chức từ database 

    Error: expect(locator).toBeVisible() failed

    Locator: getByRole('row').filter({ hasText: 'gd1-admin-a-d867b4e8-9a4d-4b95-8941-85df63eb9a97@ats.test' }).getByText('GĐ1 tổ chức A d867b4e8', { exact: true })
    Expected: visible
    Timeout: 10000ms
    Error: element(s) not found

    Call log:
      - Expect "toBeVisible" getByRole('row').filter({ hasText: 'gd1-admin-a-d867b4e8-9a4d-4b95-8941-85df63eb9a97@ats.test' }).getByText('GĐ1 tổ chức A d867b4e8', { exact: true }) with timeout 10000ms
      - waiting for getByRole('row').filter({ hasText: 'gd1-admin-a-d867b4e8-9a4d-4b95-8941-85df63eb9a97@ats.test' }).getByText('GĐ1 tổ chức A d867b4e8', { exact: true })


      112 |     await expect(userRow).toHaveCount(1);
      113 |     await expect(userRow.getByText('Quản trị tổ chức', { exact: true })).toBeVisible();
    > 114 |     await expect(userRow.getByText(fixture.orgA.name, { exact: true })).toBeVisible();
          |                                                                         ^
      115 |     const userResponse = await adminContext.request.get(`${apiBaseUrl()}/users`, {
      116 |       headers: { Authorization: `Bearer ${await accessToken(adminPage)}` },
      117 |     });
        at E:\Learnings\Learning Stuffs\University\HK6\Do_an_1\Main\Project\alsp-ai-harness\projects\ats-platform\apps\web\e2e\gd1-org-admin.e2e.ts:114:73

    attachment #1: screenshot (image/png) ──────────────────────────────────────────────────────────
    apps\web\test-results\gd1-org-admin.e2e.ts-GĐ1-t-2f8c8-ọc-nhãn-tổ-chức-từ-database-chromium\test-failed-2.png
    ────────────────────────────────────────────────────────────────────────────────────────────────

    attachment #2: screenshot (image/png) ──────────────────────────────────────────────────────────
    apps\web\test-results\gd1-org-admin.e2e.ts-GĐ1-t-2f8c8-ọc-nhãn-tổ-chức-từ-database-chromium\test-failed-1.png
    ────────────────────────────────────────────────────────────────────────────────────────────────

    Error Context: apps\web\test-results\gd1-org-admin.e2e.ts-GĐ1-t-2f8c8-ọc-nhãn-tổ-chức-từ-database-chromium\error-context.md

    Error Context: apps\web\test-results\gd1-org-admin.e2e.ts-GĐ1-t-2f8c8-ọc-nhãn-tổ-chức-từ-database-chromium\error-context.md

    attachment #5: trace (application/zip) ─────────────────────────────────────────────────────────
    apps\web\test-results\gd1-org-admin.e2e.ts-GĐ1-t-2f8c8-ọc-nhãn-tổ-chức-từ-database-chromium\trace.zip
    Usage:

        npx playwright show-trace apps\web\test-results\gd1-org-admin.e2e.ts-GĐ1-t-2f8c8-ọc-nhãn-tổ-chức-từ-database-chromium\trace.zip

    ────────────────────────────────────────────────────────────────────────────────────────────────

  1 failed
    [chromium] › apps\web\e2e\gd1-org-admin.e2e.ts:96:7 › GĐ1 tuần cuối — portal org_admin với hai tổ chức thật › A3/A7: admin tạo org_admin có Organization và đọc nhãn tổ chức từ database 
  6 did not run
  1 passed (54.4s)
